===== gx10-1 =====
NCCL version 2.30.7 compiled with CUDA 13.3
CUDA runtime version 13030, driver version 13000

Job summary
===========

  Nodes  Processes         GPUs  Processes     GPUs
(total)   per node  per process    (total)  (total)
      4          1            1          4        4

Communicators... (0.025s)
=============

Group     Comms     Nodes     Ranks     Ranks     Ranks    Status  Errors
    #  in group  per comm  per node  per comm  in group
    0         1         4         1         4         4   RUNNING  MISMATCH
    1         1         4         1         4         4   RUNNING      OK

Errors
======

Warnings
========

#0-0 (9282fd8ac86f9e44) MISMATCH
  Communicator ranks have different AllReduce operation counts
  3 ranks have launched up to operation 1515
  Rank 0 has launched up to operation 1514 -- GPU 0 managed by process 336 on node 192.168.100.11

===== gx10-2 =====
NCCL version 2.30.7 compiled with CUDA 13.3
CUDA runtime version 13030, driver version 13000

Job summary
===========

  Nodes  Processes         GPUs  Processes     GPUs
(total)   per node  per process    (total)  (total)
      4          1            1          4        4

Communicators... (0.002s)
=============

Group     Comms     Nodes     Ranks     Ranks     Ranks    Status  Errors
    #  in group  per comm  per node  per comm  in group
    0         1         4         1         4         4   RUNNING  MISMATCH
    1         1         4         1         4         4   RUNNING      OK

Errors
======

Warnings
========

#0-0 (9282fd8ac86f9e44) MISMATCH
  Communicator ranks have different AllReduce operation counts
  3 ranks have launched up to operation 1515
  Rank 0 has launched up to operation 1514 -- GPU 0 managed by process 336 on node 192.168.100.11

===== gx10-3 =====
NCCL version 2.30.7 compiled with CUDA 13.3
CUDA runtime version 13030, driver version 13000

Job summary
===========

  Nodes  Processes         GPUs  Processes     GPUs
(total)   per node  per process    (total)  (total)
      4          1            1          4        4

Communicators... (0.001s)
=============

Group     Comms     Nodes     Ranks     Ranks     Ranks    Status  Errors
    #  in group  per comm  per node  per comm  in group
    0         1         4         1         4         4   RUNNING  MISMATCH
    1         1         4         1         4         4   RUNNING      OK

Errors
======

Warnings
========

#0-0 (9282fd8ac86f9e44) MISMATCH
  Communicator ranks have different AllReduce operation counts
  3 ranks have launched up to operation 1515
  Rank 0 has launched up to operation 1514 -- GPU 0 managed by process 336 on node 192.168.100.11

===== gx10-4 =====
NCCL version 2.30.7 compiled with CUDA 13.3
CUDA runtime version 13030, driver version 13000

Job summary
===========

  Nodes  Processes         GPUs  Processes     GPUs
(total)   per node  per process    (total)  (total)
      4          1            1          4        4

Communicators... (0.003s)
=============

Group     Comms     Nodes     Ranks     Ranks     Ranks    Status  Errors
    #  in group  per comm  per node  per comm  in group
    0         1         4         1         4         4   RUNNING  MISMATCH
    1         1         4         1         4         4   RUNNING      OK

Errors
======

Warnings
========

#0-0 (9282fd8ac86f9e44) MISMATCH
  Communicator ranks have different AllReduce operation counts
  3 ranks have launched up to operation 1515
  Rank 0 has launched up to operation 1514 -- GPU 0 managed by process 336 on node 192.168.100.11

