===== gx10-1 =====
NCCL version 2.30.7 compiled with CUDA 13.3
CUDA runtime version 13030, driver version 13000

Job summary
===========

  Nodes  Processes         GPUs  Processes     GPUs
(total)   per node  per process    (total)  (total)
      4          1            1          4        4

Communicators... (0.030s)
=============

Group     Comms     Nodes     Ranks     Ranks     Ranks    Status  Errors
    #  in group  per comm  per node  per comm  in group
    0         1         4         1         4         4   RUNNING  MISMATCH
    1         1         4         1         4         4   RUNNING      OK

Errors
======

Warnings
========

#0-0 (4818dc2bc9d327e8) MISMATCH
  Communicator ranks have different AllReduce operation counts
  3 ranks have launched up to operation 1356
  Rank 3 has launched up to operation 1355 -- GPU 0 managed by process 274 on node 192.168.100.14

===== gx10-2 =====
NCCL version 2.30.7 compiled with CUDA 13.3
CUDA runtime version 13030, driver version 13000

Job summary
===========

  Nodes  Processes         GPUs  Processes     GPUs
(total)   per node  per process    (total)  (total)
      4          1            1          4        4

Communicators... (0.003s)
=============

Group     Comms     Nodes     Ranks     Ranks     Ranks    Status  Errors
    #  in group  per comm  per node  per comm  in group
    0         1         4         1         4         4   RUNNING  MISMATCH
    1         1         4         1         4         4   RUNNING      OK

Errors
======

Warnings
========

#0-0 (4818dc2bc9d327e8) MISMATCH
  Communicator ranks have different AllReduce operation counts
  3 ranks have launched up to operation 1356
  Rank 3 has launched up to operation 1355 -- GPU 0 managed by process 274 on node 192.168.100.14

===== gx10-3 =====
NCCL version 2.30.7 compiled with CUDA 13.3
CUDA runtime version 13030, driver version 13000

Job summary
===========

  Nodes  Processes         GPUs  Processes     GPUs
(total)   per node  per process    (total)  (total)
      4          1            1          4        4

Communicators... (0.002s)
=============

Group     Comms     Nodes     Ranks     Ranks     Ranks    Status  Errors
    #  in group  per comm  per node  per comm  in group
    0         1         4         1         4         4   RUNNING  MISMATCH
    1         1         4         1         4         4   RUNNING      OK

Errors
======

Warnings
========

#0-0 (4818dc2bc9d327e8) MISMATCH
  Communicator ranks have different AllReduce operation counts
  3 ranks have launched up to operation 1356
  Rank 3 has launched up to operation 1355 -- GPU 0 managed by process 274 on node 192.168.100.14

===== gx10-4 =====
NCCL version 2.30.7 compiled with CUDA 13.3
CUDA runtime version 13030, driver version 13000

Job summary
===========

  Nodes  Processes         GPUs  Processes     GPUs
(total)   per node  per process    (total)  (total)
      4          1            1          4        4

Communicators... (0.003s)
=============

Group     Comms     Nodes     Ranks     Ranks     Ranks    Status  Errors
    #  in group  per comm  per node  per comm  in group
    0         1         4         1         4         4   RUNNING  MISMATCH
    1         1         4         1         4         4   RUNNING      OK

Errors
======

Warnings
========

#0-0 (4818dc2bc9d327e8) MISMATCH
  Communicator ranks have different AllReduce operation counts
  3 ranks have launched up to operation 1356
  Rank 3 has launched up to operation 1355 -- GPU 0 managed by process 274 on node 192.168.100.14

