===== gx10-1 =====
--- free -h ---
               total        used        free      shared  buff/cache   available
Mem:           121Gi       120Gi       2.4Gi       620Mi       1.1Gi       1.4Gi
Swap:           15Gi       6.0Gi         9Gi
--- nvidia-smi ---
memory.used [MiB], memory.free [MiB], memory.total [MiB]
[N/A], [N/A], [N/A]
--- /proc/meminfo ---
MemTotal:       127535204 kB
MemFree:         2446704 kB
MemAvailable:    1414264 kB
SwapTotal:      16777212 kB
SwapFree:       10439732 kB
===== gx10-2 =====
--- free -h ---
               total        used        free      shared  buff/cache   available
Mem:           121Gi       121Gi       1.2Gi       620Mi       1.8Gi       585Mi
Swap:           15Gi       3.2Gi        12Gi
--- nvidia-smi ---
memory.used [MiB], memory.free [MiB], memory.total [MiB]
[N/A], [N/A], [N/A]
--- /proc/meminfo ---
MemTotal:       127535204 kB
MemFree:         1270504 kB
MemAvailable:     598336 kB
SwapTotal:      16777212 kB
SwapFree:       13467484 kB
===== gx10-3 =====
--- free -h ---
               total        used        free      shared  buff/cache   available
Mem:           121Gi       120Gi       1.8Gi       620Mi       1.5Gi       1.0Gi
Swap:           15Gi       3.4Gi        12Gi
--- nvidia-smi ---
memory.used [MiB], memory.free [MiB], memory.total [MiB]
[N/A], [N/A], [N/A]
--- /proc/meminfo ---
MemTotal:       127535208 kB
MemFree:         1885420 kB
MemAvailable:    1055808 kB
SwapTotal:      16777212 kB
SwapFree:       13161480 kB
===== gx10-4 =====
--- free -h ---
               total        used        free      shared  buff/cache   available
Mem:           121Gi       121Gi       1.3Gi       620Mi       1.5Gi       508Mi
Swap:           15Gi       3.2Gi        12Gi
--- nvidia-smi ---
memory.used [MiB], memory.free [MiB], memory.total [MiB]
[N/A], [N/A], [N/A]
--- /proc/meminfo ---
MemTotal:       127535208 kB
MemFree:         1338712 kB
MemAvailable:     503512 kB
SwapTotal:      16777212 kB
SwapFree:       13429396 kB
