===== gx10-1 =====
--- free -h ---
               total        used        free      shared  buff/cache   available
Mem:           121Gi       121Gi       1.4Gi       620Mi       1.0Gi       389Mi
Swap:           15Gi       5.6Gi        10Gi
--- nvidia-smi ---
memory.used [MiB], memory.free [MiB], memory.total [MiB]
[N/A], [N/A], [N/A]
--- /proc/meminfo ---
MemTotal:       127535204 kB
MemFree:         1463944 kB
MemAvailable:     378336 kB
SwapTotal:      16777212 kB
SwapFree:       10948724 kB
===== gx10-2 =====
--- free -h ---
               total        used        free      shared  buff/cache   available
Mem:           121Gi       120Gi       1.4Gi       620Mi       1.6Gi       700Mi
Swap:           15Gi       3.4Gi        12Gi
--- nvidia-smi ---
memory.used [MiB], memory.free [MiB], memory.total [MiB]
[N/A], [N/A], [N/A]
--- /proc/meminfo ---
MemTotal:       127535204 kB
MemFree:         1451500 kB
MemAvailable:     701260 kB
SwapTotal:      16777212 kB
SwapFree:       13197444 kB
===== gx10-3 =====
--- free -h ---
               total        used        free      shared  buff/cache   available
Mem:           121Gi       120Gi       2.1Gi       620Mi       1.1Gi       1.1Gi
Swap:           15Gi       3.9Gi        12Gi
--- nvidia-smi ---
memory.used [MiB], memory.free [MiB], memory.total [MiB]
[N/A], [N/A], [N/A]
--- /proc/meminfo ---
MemTotal:       127535208 kB
MemFree:         2159752 kB
MemAvailable:    1159504 kB
SwapTotal:      16777212 kB
SwapFree:       12737012 kB
===== gx10-4 =====
--- free -h ---
               total        used        free      shared  buff/cache   available
Mem:           121Gi       121Gi       1.3Gi       620Mi       1.2Gi       424Mi
Swap:           15Gi       3.2Gi        12Gi
--- nvidia-smi ---
memory.used [MiB], memory.free [MiB], memory.total [MiB]
[N/A], [N/A], [N/A]
--- /proc/meminfo ---
MemTotal:       127535208 kB
MemFree:         1371976 kB
MemAvailable:     416744 kB
SwapTotal:      16777212 kB
SwapFree:       13377800 kB
