===== gx10-1 =====
--- free -h ---
               total        used        free      shared  buff/cache   available
Mem:           121Gi       117Gi       5.2Gi       620Mi       1.4Gi       4.4Gi
Swap:           15Gi       4.2Gi        11Gi
--- nvidia-smi ---
memory.used [MiB], memory.free [MiB], memory.total [MiB]
[N/A], [N/A], [N/A]
--- /proc/meminfo ---
MemTotal:       127535204 kB
MemFree:         5485096 kB
MemAvailable:    4627988 kB
SwapTotal:      16777212 kB
SwapFree:       12359028 kB
===== gx10-2 =====
--- free -h ---
               total        used        free      shared  buff/cache   available
Mem:           121Gi       115Gi       1.2Gi       620Mi       7.4Gi       6.1Gi
Swap:           15Gi       2.6Gi        13Gi
--- nvidia-smi ---
memory.used [MiB], memory.free [MiB], memory.total [MiB]
[N/A], [N/A], [N/A]
--- /proc/meminfo ---
MemTotal:       127535204 kB
MemFree:         1286268 kB
MemAvailable:    6343792 kB
SwapTotal:      16777212 kB
SwapFree:       14089908 kB
===== gx10-3 =====
--- free -h ---
               total        used        free      shared  buff/cache   available
Mem:           121Gi       115Gi       1.6Gi       620Mi       6.9Gi       6.0Gi
Swap:           15Gi       2.6Gi        13Gi
--- nvidia-smi ---
memory.used [MiB], memory.free [MiB], memory.total [MiB]
[N/A], [N/A], [N/A]
--- /proc/meminfo ---
MemTotal:       127535208 kB
MemFree:         1649652 kB
MemAvailable:    6232852 kB
SwapTotal:      16777212 kB
SwapFree:       14064744 kB
===== gx10-4 =====
--- free -h ---
               total        used        free      shared  buff/cache   available
Mem:           121Gi       116Gi       1.6Gi       620Mi       6.8Gi       5.6Gi
Swap:           15Gi       2.6Gi        13Gi
--- nvidia-smi ---
memory.used [MiB], memory.free [MiB], memory.total [MiB]
[N/A], [N/A], [N/A]
--- /proc/meminfo ---
MemTotal:       127535208 kB
MemFree:         1609488 kB
MemAvailable:    5592752 kB
SwapTotal:      16777212 kB
SwapFree:       14062744 kB
